NSS_ECONF_PRIVATE_2.0 {
  global:
    _nss_econf_endaliasent;
    _nss_econf_getaliasbyname_r;
    _nss_econf_getaliasent_r;
    _nss_econf_setaliasent;

    _nss_econf_endgrent;
    _nss_econf_getgrnam_r;
    _nss_econf_getgrgid_r;
    _nss_econf_getgrent_r;
    _nss_econf_setgrent;

    _nss_econf_endhostent;
    _nss_econf_gethostbyaddr_r;
    _nss_econf_gethostbyname_r;
    _nss_econf_gethostbyname2_r;
    _nss_econf_gethostent_r;
    _nss_econf_sethostent;

    _nss_econf_endnetent;
    _nss_econf_getnetbyaddr_r;
    _nss_econf_getnetbyname_r;
    _nss_econf_getnetent_r;
    _nss_econf_setnetent;

    _nss_econf_endservent;
    _nss_econf_getservbyname_r;
    _nss_econf_getservbyport_r;
    _nss_econf_getservent_r;
    _nss_econf_setservent;

    _nss_econf_endpwent;
    _nss_econf_getpwnam_r;
    _nss_econf_getpwuid_r;
    _nss_econf_getpwent_r;
    _nss_econf_setpwent;

    _nss_econf_endrpcent;
    _nss_econf_getrpcbyname_r;
    _nss_econf_getrpcbynumber_r;
    _nss_econf_getrpcent_r;
    _nss_econf_setrpcent;

    _nss_econf_endspent;
    _nss_econf_getspnam_r;
    _nss_econf_getspent_r;
    _nss_econf_setspent;

    _nss_econf_endprotoent;
    _nss_econf_getprotobyname_r;
    _nss_econf_getprotobynumber_r;
    _nss_econf_getprotoent_r;
    _nss_econf_setprotoent;

  local:
    *;
};
